main() {

    string x = "hello";

    loopDown(x) {

        print("goodbye");

    }

}

    ^
Keyword 'loopDown' does not support 'string' at 3:4.
