main() {

    loopUp("hello") {

    ^
Keyword 'loopUp' does not support '<class '__main__.StringNode'>' at 2:4.
